// Jest Snapshot v1, https://goo.gl/fbAQLP

exports[`PalettePicker should match the snapshot 1`] = `
<section
  className="PalettePicker"
>
  <EditBarPartial
    colorScheme="triade"
    colors={
      Array [
        Object {
          "hex": "#71cc66",
          "locked": false,
        },
        Object {
          "hex": "#468040",
          "locked": false,
        },
        Object {
          "hex": "#d1e6cf",
          "locked": false,
        },
        Object {
          "hex": "#3fbf30",
          "locked": false,
        },
        Object {
          "hex": "#a35197",
          "locked": false,
        },
        Object {
          "hex": "#804076",
          "locked": false,
        },
        Object {
          "hex": "#e6cfe2",
          "locked": false,
        },
        Object {
          "hex": "#bf30aa",
          "locked": false,
        },
        Object {
          "hex": "#e69673",
          "locked": false,
        },
        Object {
          "hex": "#805340",
          "locked": false,
        },
        Object {
          "hex": "#e6d6cf",
          "locked": false,
        },
        Object {
          "hex": "#bf5c30",
          "locked": false,
        },
      ]
    }
    editable={false}
    hue={173}
    hueLock={[Function]}
    hueLocked={false}
    hueUnlock={[Function]}
    updateColors={[Function]}
    variation="pastel"
  />
  <EditBarFull
    colors={
      Array [
        Object {
          "hex": "#71cc66",
          "locked": false,
        },
        Object {
          "hex": "#468040",
          "locked": false,
        },
        Object {
          "hex": "#d1e6cf",
          "locked": false,
        },
        Object {
          "hex": "#3fbf30",
          "locked": false,
        },
        Object {
          "hex": "#a35197",
          "locked": false,
        },
        Object {
          "hex": "#804076",
          "locked": false,
        },
        Object {
          "hex": "#e6cfe2",
          "locked": false,
        },
        Object {
          "hex": "#bf30aa",
          "locked": false,
        },
        Object {
          "hex": "#e69673",
          "locked": false,
        },
        Object {
          "hex": "#805340",
          "locked": false,
        },
        Object {
          "hex": "#e6d6cf",
          "locked": false,
        },
        Object {
          "hex": "#bf5c30",
          "locked": false,
        },
      ]
    }
    editable={false}
    hue={173}
    hueLock={[Function]}
    hueLocked={false}
    hueUnlock={[Function]}
    updateColorScheme={[Function]}
    updateColors={[Function]}
    updateHue={[Function]}
    updateVariation={[Function]}
  />
  <div
    className="colors-section"
  >
    <ColorBar
      color={
        Object {
          "hex": "#71cc66",
          "locked": false,
        }
      }
      handleLockStatus={[Function]}
      key="0"
      number={0}
    />
    <ColorBar
      color={
        Object {
          "hex": "#468040",
          "locked": false,
        }
      }
      handleLockStatus={[Function]}
      key="1"
      number={1}
    />
    <ColorBar
      color={
        Object {
          "hex": "#d1e6cf",
          "locked": false,
        }
      }
      handleLockStatus={[Function]}
      key="2"
      number={2}
    />
    <ColorBar
      color={
        Object {
          "hex": "#3fbf30",
          "locked": false,
        }
      }
      handleLockStatus={[Function]}
      key="3"
      number={3}
    />
    <ColorBar
      color={
        Object {
          "hex": "#a35197",
          "locked": false,
        }
      }
      handleLockStatus={[Function]}
      key="4"
      number={4}
    />
    <ColorBar
      color={
        Object {
          "hex": "#804076",
          "locked": false,
        }
      }
      handleLockStatus={[Function]}
      key="5"
      number={5}
    />
    <ColorBar
      color={
        Object {
          "hex": "#e6cfe2",
          "locked": false,
        }
      }
      handleLockStatus={[Function]}
      key="6"
      number={6}
    />
    <ColorBar
      color={
        Object {
          "hex": "#bf30aa",
          "locked": false,
        }
      }
      handleLockStatus={[Function]}
      key="7"
      number={7}
    />
    <ColorBar
      color={
        Object {
          "hex": "#e69673",
          "locked": false,
        }
      }
      handleLockStatus={[Function]}
      key="8"
      number={8}
    />
    <ColorBar
      color={
        Object {
          "hex": "#805340",
          "locked": false,
        }
      }
      handleLockStatus={[Function]}
      key="9"
      number={9}
    />
    <ColorBar
      color={
        Object {
          "hex": "#e6d6cf",
          "locked": false,
        }
      }
      handleLockStatus={[Function]}
      key="10"
      number={10}
    />
    <ColorBar
      color={
        Object {
          "hex": "#bf5c30",
          "locked": false,
        }
      }
      handleLockStatus={[Function]}
      key="11"
      number={11}
    />
  </div>
  <div
    className="button-bar"
  >
    <button
      className="primary-btn"
      onClick={[Function]}
    >
      Edit
    </button>
    <button
      className="primary-btn"
      onClick={[Function]}
    >
      Save
    </button>
  </div>
</section>
`;
