// Jest Snapshot v1, https://goo.gl/fbAQLP

exports[`Palette should match the snapshot 1`] = `
<article
  className="Palette"
>
  <button
    className="palette-delete"
    onClick={[Function]}
  >
    X
  </button>
  <h4
    className="palette-title"
  />
  <div
    className="color"
    key="0"
    onClick={[Function]}
    style={
      Object {
        "backgroundColor": "#111",
      }
    }
  />
</article>
`;
